apiVersion: rbac.authorization.k8s.io/v1
kind: ClusterRoleBinding
metadata:
  labels:
    app: vcluster
    chart: vcluster-0.19.5
    heritage: Helm
    release: vcluster
  name: vc-vcluster-v-syn-vcluster
roleRef:
  apiGroup: rbac.authorization.k8s.io
  kind: ClusterRole
  name: vc-vcluster-v-syn-vcluster
subjects:
  - kind: ServiceAccount
    name: vc-vcluster
    namespace: syn-vcluster
