apiVersion: rbac.authorization.k8s.io/v1
kind: RoleBinding
metadata:
  labels:
    app: vcluster
    chart: vcluster-0.19.1
    heritage: Helm
    release: vcluster
  name: vcluster
  namespace: syn-vcluster
roleRef:
  apiGroup: rbac.authorization.k8s.io
  kind: Role
  name: vcluster
subjects:
  - kind: ServiceAccount
    name: vc-vcluster
    namespace: syn-vcluster
