apiVersion: v1
data:
  manifests: '---'
kind: ConfigMap
metadata:
  labels:
    app: vcluster
    chart: vcluster-0.19.7
    heritage: Helm
    release: vcluster
  name: vcluster-init-manifests
  namespace: syn-vcluster
