apiVersion: v1
kind: ServiceAccount
metadata:
  labels:
    app: vcluster
    chart: vcluster-0.19.3
    heritage: Helm
    release: vcluster
  name: vc-vcluster
  namespace: syn-vcluster
