apiVersion: v1
kind: ServiceAccount
metadata:
  labels:
    app: vcluster
    chart: vcluster-0.19.7
    heritage: Helm
    release: vcluster
  name: vc-workload-vcluster
  namespace: syn-vcluster
